Experiment: 100x100x100x100 128 Ax ranks wbp
Mean All Gather: 0.000482 | Mean Computation: 0.001414
Experiment: 100x100x100x100 128 ATx ranks wbp
Mean Computation: 0.001378 | Mean Reduce Scatter: 0.000323
Experiment: 100x100x100x100 128 Ax ranks rrp
RRP Distribution: m1=100, n1=100, m2=100, n2=100, world_size=128
Each block is owned by ranks: 
Block 0: 0 100 
Block 1: 1 101 
Block 2: 2 102 
Block 3: 3 103 
Block 4: 4 104 
Block 5: 5 105 
Block 6: 6 106 
Block 7: 7 107 
Block 8: 8 108 
Block 9: 9 109 
Block 10: 10 110 
Block 11: 11 111 
Block 12: 12 112 
Block 13: 13 113 
Block 14: 14 114 
Block 15: 15 115 
Block 16: 16 116 
Block 17: 17 117 
Block 18: 18 118 
Block 19: 19 119 
Block 20: 20 120 
Block 21: 21 121 
Block 22: 22 122 
Block 23: 23 123 
Block 24: 24 124 
Block 25: 25 125 
Block 26: 26 126 
Block 27: 27 127 
Block 28: 28 28 
Block 29: 29 29 
Block 30: 30 30 
Block 31: 31 31 
Block 32: 32 32 
Block 33: 33 33 
Block 34: 34 34 
Block 35: 35 35 
Block 36: 36 36 
Block 37: 37 37 
Block 38: 38 38 
Block 39: 39 39 
Block 40: 40 40 
Block 41: 41 41 
Block 42: 42 42 
Block 43: 43 43 
Block 44: 44 44 
Block 45: 45 45 
Block 46: 46 46 
Block 47: 47 47 
Block 48: 48 48 
Block 49: 49 49 
Block 50: 50 50 
Block 51: 51 51 
Block 52: 52 52 
Block 53: 53 53 
Block 54: 54 54 
Block 55: 55 55 
Block 56: 56 56 
Block 57: 57 57 
Block 58: 58 58 
Block 59: 59 59 
Block 60: 60 60 
Block 61: 61 61 
Block 62: 62 62 
Block 63: 63 63 
Block 64: 64 64 
Block 65: 65 65 
Block 66: 66 66 
Block 67: 67 67 
Block 68: 68 68 
Block 69: 69 69 
Block 70: 70 70 
Block 71: 71 71 
Block 72: 72 72 
Block 73: 73 73 
Block 74: 74 74 
Block 75: 75 75 
Block 76: 76 76 
Block 77: 77 77 
Block 78: 78 78 
Block 79: 79 79 
Block 80: 80 80 
Block 81: 81 81 
Block 82: 82 82 
Block 83: 83 83 
Block 84: 84 84 
Block 85: 85 85 
Block 86: 86 86 
Block 87: 87 87 
Block 88: 88 88 
Block 89: 89 89 
Block 90: 90 90 
Block 91: 91 91 
Block 92: 92 92 
Block 93: 93 93 
Block 94: 94 94 
Block 95: 95 95 
Block 96: 96 96 
Block 97: 97 97 
Block 98: 98 98 
Block 99: 99 99 
Mean All Gather: 0.000607 | Mean Computation: 0.001258 | Mean Reduce Scatter: 0.000034
Experiment: 100x100x100x100 128 ATx ranks rrp
RRP Distribution: m1=100, n1=100, m2=100, n2=100, world_size=128
Each block is owned by ranks: 
Block 0: 0 100 
Block 1: 1 101 
Block 2: 2 102 
Block 3: 3 103 
Block 4: 4 104 
Block 5: 5 105 
Block 6: 6 106 
Block 7: 7 107 
Block 8: 8 108 
Block 9: 9 109 
Block 10: 10 110 
Block 11: 11 111 
Block 12: 12 112 
Block 13: 13 113 
Block 14: 14 114 
Block 15: 15 115 
Block 16: 16 116 
Block 17: 17 117 
Block 18: 18 118 
Block 19: 19 119 
Block 20: 20 120 
Block 21: 21 121 
Block 22: 22 122 
Block 23: 23 123 
Block 24: 24 124 
Block 25: 25 125 
Block 26: 26 126 
Block 27: 27 127 
Block 28: 28 28 
Block 29: 29 29 
Block 30: 30 30 
Block 31: 31 31 
Block 32: 32 32 
Block 33: 33 33 
Block 34: 34 34 
Block 35: 35 35 
Block 36: 36 36 
Block 37: 37 37 
Block 38: 38 38 
Block 39: 39 39 
Block 40: 40 40 
Block 41: 41 41 
Block 42: 42 42 
Block 43: 43 43 
Block 44: 44 44 
Block 45: 45 45 
Block 46: 46 46 
Block 47: 47 47 
Block 48: 48 48 
Block 49: 49 49 
Block 50: 50 50 
Block 51: 51 51 
Block 52: 52 52 
Block 53: 53 53 
Block 54: 54 54 
Block 55: 55 55 
Block 56: 56 56 
Block 57: 57 57 
Block 58: 58 58 
Block 59: 59 59 
Block 60: 60 60 
Block 61: 61 61 
Block 62: 62 62 
Block 63: 63 63 
Block 64: 64 64 
Block 65: 65 65 
Block 66: 66 66 
Block 67: 67 67 
Block 68: 68 68 
Block 69: 69 69 
Block 70: 70 70 
Block 71: 71 71 
Block 72: 72 72 
Block 73: 73 73 
Block 74: 74 74 
Block 75: 75 75 
Block 76: 76 76 
Block 77: 77 77 
Block 78: 78 78 
Block 79: 79 79 
Block 80: 80 80 
Block 81: 81 81 
Block 82: 82 82 
Block 83: 83 83 
Block 84: 84 84 
Block 85: 85 85 
Block 86: 86 86 
Block 87: 87 87 
Block 88: 88 88 
Block 89: 89 89 
Block 90: 90 90 
Block 91: 91 91 
Block 92: 92 92 
Block 93: 93 93 
Block 94: 94 94 
Block 95: 95 95 
Block 96: 96 96 
Block 97: 97 97 
Block 98: 98 98 
Block 99: 99 99 
Mean All Gather: 0.000007 | Mean Computation: 0.001285 | Mean Reduce Scatter: 0.000600
Experiment: 100x100x100x100 128 Ax ranks bcp
Mean All Gather: 0.000080 | Mean Computation: 0.001491 | Mean Reduce Scatter: 0.000078
Experiment: 100x100x100x100 128 ATx ranks bcp
Mean All Gather: 0.000028 | Mean Computation: 0.001478 | Mean Reduce Scatter: 0.000267
Experiment: 475x475x475x475 128 Ax ranks wbp
Mean All Gather: 0.003966 | Mean Computation: 1.317713
Experiment: 475x475x475x475 128 ATx ranks wbp
Mean Computation: 1.317900 | Mean Reduce Scatter: 0.034311
Experiment: 475x475x475x475 128 Ax ranks rrp
Mean All Gather: 0.003981 | Mean Computation: 1.318419
Experiment: 475x475x475x475 128 ATx ranks rrp
Mean Computation: 1.318033 | Mean Reduce Scatter: 0.032782
Experiment: 475x475x475x475 128 Ax ranks bcp
Mean All Gather: 0.000814 | Mean Computation: 1.319423 | Mean Reduce Scatter: 0.008400
Experiment: 475x475x475x475 128 ATx ranks bcp
Mean All Gather: 0.000086 | Mean Computation: 1.313849 | Mean Reduce Scatter: 0.029511
Experiment: 200x200x1000x1000 128 Ax ranks wbp
Mean All Gather: 0.020086 | Mean Computation: 0.938773
Experiment: 200x200x1000x1000 128 ATx ranks wbp
Mean Computation: 0.970265 | Mean Reduce Scatter: 0.043998
Experiment: 200x200x1000x1000 128 Ax ranks rrp
Mean All Gather: 0.020053 | Mean Computation: 0.938999
Experiment: 200x200x1000x1000 128 ATx ranks rrp
Mean Computation: 0.970503 | Mean Reduce Scatter: 0.043495
Experiment: 200x200x1000x1000 128 Ax ranks bcp
Mean All Gather: 0.003819 | Mean Computation: 0.998045 | Mean Reduce Scatter: 0.006605
Experiment: 200x200x1000x1000 128 ATx ranks bcp
Mean All Gather: 0.000047 | Mean Computation: 0.998140 | Mean Reduce Scatter: 0.057253
Experiment: 1000x1000x200x200 128 Ax ranks wbp
Mean All Gather: 0.001268 | Mean Computation: 1.040597
Experiment: 1000x1000x200x200 128 ATx ranks wbp
Mean Computation: 1.036736 | Mean Reduce Scatter: 0.024858
Experiment: 1000x1000x200x200 128 Ax ranks rrp
Mean All Gather: 0.001285 | Mean Computation: 1.040360
Experiment: 1000x1000x200x200 128 ATx ranks rrp
Mean Computation: 1.036697 | Mean Reduce Scatter: 0.025037
Experiment: 1000x1000x200x200 128 Ax ranks bcp
Mean All Gather: 0.000179 | Mean Computation: 1.021283 | Mean Reduce Scatter: 0.006744
Experiment: 1000x1000x200x200 128 ATx ranks bcp
Mean All Gather: 0.000336 | Mean Computation: 1.031244 | Mean Reduce Scatter: 0.021981
